{
    "software_versions": {
        "content": [
            "pangenomesv_software_mqc_versions.yml:md5,7b5438cade304e3691d0bccf7f6e4ad3"
        ],
        "timestamp": "2026-09-24T10:15:42.158489401",
        "meta": {
            "nf-test": "0.9.5",
            "nextflow": "26.04.6"
        }
    },
    "variants_raw_filelist": {
        "content": [
            "pangenomesv.hap_level.split.vcf:md5,93dc8392fefb6f27d6ff2ad62e5d541c",
            "pangenomesv.hap_level.vcf:md5,752ec6d41377329b2cfa8e70316212f3",
            "pangenomesv.sample_level.split.vcf:md5,212c460dcf19fb29ffdd9089d8649c76",
            "pangenomesv.sample_level.vcf:md5,af69b8b63b61eca4d4957945bd505cb2"
        ],
        "timestamp": "2026-09-24T10:15:42.146438043",
        "meta": {
            "nf-test": "0.9.5",
            "nextflow": "26.04.6"
        }
    }
}