{
    "software_versions": {
        "content": [
            "pangenomesv_software_mqc_versions.yml:md5,745ed885d2de7dfc70e754024ea6d671"
        ],
        "timestamp": "2026-09-24T10:16:27.391246746",
        "meta": {
            "nf-test": "0.9.5",
            "nextflow": "26.04.6"
        }
    },
    "variants_raw_filelist": {
        "content": [
            "pangenomesv.hap_level.split.vcf:md5,84f62c402f67e819edfbe1c1f3dcbe6e",
            "pangenomesv.hap_level.vcf:md5,e862167d05c723e271ca52adb509eb23",
            "pangenomesv.sample_level.split.vcf:md5,00f1d7120376c2d3c6eed879277b37ad",
            "pangenomesv.sample_level.vcf:md5,a5f870ab7fa37eea15088b65dcb88b12"
        ],
        "timestamp": "2026-09-24T10:16:27.383907702",
        "meta": {
            "nf-test": "0.9.5",
            "nextflow": "26.04.6"
        }
    }
}