{
    "software_versions": {
        "content": [
            "pangenomesv_software_mqc_versions.yml:md5,7a6be5e5eac36657ede7a844b2a75a83"
        ],
        "timestamp": "2026-08-11T04:15:30.77028478",
        "meta": {
            "nf-test": "0.9.5",
            "nextflow": "26.04.6"
        }
    },
    "variants_raw_filelist": {
        "content": [
            "pangenomesv.hap_level.split.vcf:md5,584e4ab6a7c5e317c0ae63b3f6ca32d1",
            "pangenomesv.hap_level.vcf:md5,6c7b2490a7b17010b8629748d80b6b1f",
            "pangenomesv.sample_level.split.vcf:md5,68ddb1b163716368109f4963e8750858",
            "pangenomesv.sample_level.vcf:md5,f56ef8d6baf884d9462a1d84c64de25f"
        ],
        "timestamp": "2026-08-11T04:15:30.765994666",
        "meta": {
            "nf-test": "0.9.5",
            "nextflow": "26.04.6"
        }
    }
}