{
    "stub": {
        "content": [
            {
                "0": [
                    [
                        {
                            "id": "test"
                        },
                        "test.hg38_multianno.vcf:md5,d41d8cd98f00b204e9800998ecf8427e"
                    ]
                ],
                "1": [
                    [
                        "ANNOVAR",
                        "annovar",
                        "2026-08-10"
                    ]
                ],
                "vcf": [
                    [
                        {
                            "id": "test"
                        },
                        "test.hg38_multianno.vcf:md5,d41d8cd98f00b204e9800998ecf8427e"
                    ]
                ],
                "versions_annovar": [
                    [
                        "ANNOVAR",
                        "annovar",
                        "2026-08-10"
                    ]
                ]
            }
        ],
        "timestamp": "2026-08-10T13:25:32.173086977",
        "meta": {
            "nf-test": "0.9.5",
            "nextflow": "26.04.6"
        }
    }
}