{
    "minigraph - bed input - stub": {
        "content": [
            {
                "0": [
                    [
                        {
                            "id": "HG002_hap1"
                        },
                        "HG002_hap1_alleles.fa:md5,d41d8cd98f00b204e9800998ecf8427e"
                    ]
                ],
                "1": [
                    [
                        {
                            "id": "HG002_hap1"
                        },
                        "HG002_hap1_equal_paths.txt:md5,d41d8cd98f00b204e9800998ecf8427e"
                    ]
                ],
                "2": [
                    [
                        "SWAVE_EXTRACT_ALLELES",
                        "swave",
                        "0.1.0"
                    ]
                ],
                "equal_paths": [
                    [
                        {
                            "id": "HG002_hap1"
                        },
                        "HG002_hap1_equal_paths.txt:md5,d41d8cd98f00b204e9800998ecf8427e"
                    ]
                ],
                "fa": [
                    [
                        {
                            "id": "HG002_hap1"
                        },
                        "HG002_hap1_alleles.fa:md5,d41d8cd98f00b204e9800998ecf8427e"
                    ]
                ],
                "versions_swave": [
                    [
                        "SWAVE_EXTRACT_ALLELES",
                        "swave",
                        "0.1.0"
                    ]
                ]
            }
        ],
        "timestamp": "2026-08-10T23:55:46.942019748",
        "meta": {
            "nf-test": "0.9.5",
            "nextflow": "26.04.6"
        }
    },
    "minigraph - reference bed input": {
        "content": [
            {
                "0": [
                    [
                        {
                            "id": "mini_chm13v2_0"
                        },
                        "mini_chm13v2_0_alleles.fa:md5,04bc58d9f80f8e0c6b2d861040888623"
                    ]
                ],
                "1": [
                    [
                        {
                            "id": "mini_chm13v2_0"
                        },
                        "mini_chm13v2_0_equal_paths.txt:md5,e817c13aac1be1160c77393d6e9cf16c"
                    ]
                ],
                "2": [
                    [
                        "SWAVE_EXTRACT_ALLELES",
                        "swave",
                        "0.1.0"
                    ]
                ],
                "equal_paths": [
                    [
                        {
                            "id": "mini_chm13v2_0"
                        },
                        "mini_chm13v2_0_equal_paths.txt:md5,e817c13aac1be1160c77393d6e9cf16c"
                    ]
                ],
                "fa": [
                    [
                        {
                            "id": "mini_chm13v2_0"
                        },
                        "mini_chm13v2_0_alleles.fa:md5,04bc58d9f80f8e0c6b2d861040888623"
                    ]
                ],
                "versions_swave": [
                    [
                        "SWAVE_EXTRACT_ALLELES",
                        "swave",
                        "0.1.0"
                    ]
                ]
            }
        ],
        "timestamp": "2026-08-10T23:55:41.650504454",
        "meta": {
            "nf-test": "0.9.5",
            "nextflow": "26.04.6"
        }
    },
    "minigraph - sample bed input": {
        "content": [
            {
                "0": [
                    [
                        {
                            "id": "HG002_hap1"
                        },
                        "HG002_hap1_alleles.fa:md5,86a47ccb348024d307095b15cee51ae7"
                    ]
                ],
                "1": [
                    [
                        {
                            "id": "HG002_hap1"
                        },
                        "HG002_hap1_equal_paths.txt:md5,a19f57a6895fb9020d9d88a9f46cc846"
                    ]
                ],
                "2": [
                    [
                        "SWAVE_EXTRACT_ALLELES",
                        "swave",
                        "0.1.0"
                    ]
                ],
                "equal_paths": [
                    [
                        {
                            "id": "HG002_hap1"
                        },
                        "HG002_hap1_equal_paths.txt:md5,a19f57a6895fb9020d9d88a9f46cc846"
                    ]
                ],
                "fa": [
                    [
                        {
                            "id": "HG002_hap1"
                        },
                        "HG002_hap1_alleles.fa:md5,86a47ccb348024d307095b15cee51ae7"
                    ]
                ],
                "versions_swave": [
                    [
                        "SWAVE_EXTRACT_ALLELES",
                        "swave",
                        "0.1.0"
                    ]
                ]
            }
        ],
        "timestamp": "2026-08-10T23:55:36.385494465",
        "meta": {
            "nf-test": "0.9.5",
            "nextflow": "26.04.6"
        }
    }
}