{
    "vg-deconstruct - sample vcf input": {
        "content": [
            {
                "0": [
                    [
                        {
                            "id": "HG002"
                        },
                        [
                            "HG002_hap1_alleles.fa:md5,abe9af1d0a4a034a028156495620b72c",
                            "HG002_hap2_alleles.fa:md5,a3a40a1430df15b24df39707e3e8939f"
                        ]
                    ]
                ],
                "1": [
                    [
                        {
                            "id": "HG002"
                        },
                        [
                            "HG002_hap1_equal_paths.txt:md5,d41d8cd98f00b204e9800998ecf8427e",
                            "HG002_hap2_equal_paths.txt:md5,d41d8cd98f00b204e9800998ecf8427e"
                        ]
                    ]
                ],
                "2": [
                    [
                        "SWAVE_EXTRACT_ALLELES",
                        "swave",
                        "0.1.0"
                    ]
                ],
                "equal_paths": [
                    [
                        {
                            "id": "HG002"
                        },
                        [
                            "HG002_hap1_equal_paths.txt:md5,d41d8cd98f00b204e9800998ecf8427e",
                            "HG002_hap2_equal_paths.txt:md5,d41d8cd98f00b204e9800998ecf8427e"
                        ]
                    ]
                ],
                "fa": [
                    [
                        {
                            "id": "HG002"
                        },
                        [
                            "HG002_hap1_alleles.fa:md5,abe9af1d0a4a034a028156495620b72c",
                            "HG002_hap2_alleles.fa:md5,a3a40a1430df15b24df39707e3e8939f"
                        ]
                    ]
                ],
                "versions_swave": [
                    [
                        "SWAVE_EXTRACT_ALLELES",
                        "swave",
                        "0.1.0"
                    ]
                ]
            }
        ],
        "timestamp": "2026-08-10T23:56:46.663431689",
        "meta": {
            "nf-test": "0.9.5",
            "nextflow": "26.04.6"
        }
    },
    "vg-deconstruct - sample vcf input - stub": {
        "content": [
            {
                "0": [
                    [
                        {
                            "id": "HG002"
                        },
                        "HG002_alleles.fa:md5,d41d8cd98f00b204e9800998ecf8427e"
                    ]
                ],
                "1": [
                    [
                        {
                            "id": "HG002"
                        },
                        "HG002_equal_paths.txt:md5,d41d8cd98f00b204e9800998ecf8427e"
                    ]
                ],
                "2": [
                    [
                        "SWAVE_EXTRACT_ALLELES",
                        "swave",
                        "0.1.0"
                    ]
                ],
                "equal_paths": [
                    [
                        {
                            "id": "HG002"
                        },
                        "HG002_equal_paths.txt:md5,d41d8cd98f00b204e9800998ecf8427e"
                    ]
                ],
                "fa": [
                    [
                        {
                            "id": "HG002"
                        },
                        "HG002_alleles.fa:md5,d41d8cd98f00b204e9800998ecf8427e"
                    ]
                ],
                "versions_swave": [
                    [
                        "SWAVE_EXTRACT_ALLELES",
                        "swave",
                        "0.1.0"
                    ]
                ]
            }
        ],
        "timestamp": "2026-08-10T23:56:56.948468581",
        "meta": {
            "nf-test": "0.9.5",
            "nextflow": "26.04.6"
        }
    },
    "vg-deconstruct - reference vcf input": {
        "content": [
            {
                "0": [
                    [
                        {
                            "id": "mini_chm13v2_0",
                            "sample": "mini_chm13v2.0"
                        },
                        "mini_chm13v2_0_alleles.fa:md5,a3f94c153a0d87af3e2804ac265fc0c2"
                    ]
                ],
                "1": [
                    [
                        {
                            "id": "mini_chm13v2_0",
                            "sample": "mini_chm13v2.0"
                        },
                        "mini_chm13v2_0_equal_paths.txt:md5,f89f8304c08520e9b2cc8391c72f7deb"
                    ]
                ],
                "2": [
                    [
                        "SWAVE_EXTRACT_ALLELES",
                        "swave",
                        "0.1.0"
                    ]
                ],
                "equal_paths": [
                    [
                        {
                            "id": "mini_chm13v2_0",
                            "sample": "mini_chm13v2.0"
                        },
                        "mini_chm13v2_0_equal_paths.txt:md5,f89f8304c08520e9b2cc8391c72f7deb"
                    ]
                ],
                "fa": [
                    [
                        {
                            "id": "mini_chm13v2_0",
                            "sample": "mini_chm13v2.0"
                        },
                        "mini_chm13v2_0_alleles.fa:md5,a3f94c153a0d87af3e2804ac265fc0c2"
                    ]
                ],
                "versions_swave": [
                    [
                        "SWAVE_EXTRACT_ALLELES",
                        "swave",
                        "0.1.0"
                    ]
                ]
            }
        ],
        "timestamp": "2026-08-10T23:56:51.818008089",
        "meta": {
            "nf-test": "0.9.5",
            "nextflow": "26.04.6"
        }
    }
}