{
    "tsv files - stub": {
        "content": [
            {
                "0": [
                    [
                        {
                            "id": "pangenomesv"
                        },
                        [
                            "pangenomesv.hap_level.split.vcf:md5,d41d8cd98f00b204e9800998ecf8427e",
                            "pangenomesv.hap_level.vcf:md5,d41d8cd98f00b204e9800998ecf8427e",
                            "pangenomesv.sample_level.split.vcf:md5,d41d8cd98f00b204e9800998ecf8427e",
                            "pangenomesv.sample_level.vcf:md5,d41d8cd98f00b204e9800998ecf8427e"
                        ]
                    ]
                ],
                "1": [
                    [
                        "SWAVE_WRITE_VCF",
                        "swave",
                        "0.1.1"
                    ]
                ],
                "vcf": [
                    [
                        {
                            "id": "pangenomesv"
                        },
                        [
                            "pangenomesv.hap_level.split.vcf:md5,d41d8cd98f00b204e9800998ecf8427e",
                            "pangenomesv.hap_level.vcf:md5,d41d8cd98f00b204e9800998ecf8427e",
                            "pangenomesv.sample_level.split.vcf:md5,d41d8cd98f00b204e9800998ecf8427e",
                            "pangenomesv.sample_level.vcf:md5,d41d8cd98f00b204e9800998ecf8427e"
                        ]
                    ]
                ],
                "versions_swave": [
                    [
                        "SWAVE_WRITE_VCF",
                        "swave",
                        "0.1.1"
                    ]
                ]
            }
        ],
        "timestamp": "2026-09-24T09:55:25.686476796",
        "meta": {
            "nf-test": "0.9.5",
            "nextflow": "26.04.6"
        }
    },
    "tsv files": {
        "content": [
            [
                [
                    {
                        "id": "pangenomesv"
                    },
                    [
                        "pangenomesv.hap_level.split.vcf:md5,e5d0d1b571ddc8fb3914a4d4dbae2767",
                        "pangenomesv.hap_level.vcf:md5,23941b4ad0e5257ae708d69e0196f8eb",
                        "pangenomesv.sample_level.split.vcf:md5,e5d0d1b571ddc8fb3914a4d4dbae2767",
                        "pangenomesv.sample_level.vcf:md5,23941b4ad0e5257ae708d69e0196f8eb"
                    ]
                ]
            ],
            {
                "versions_swave": [
                    [
                        "SWAVE_WRITE_VCF",
                        "swave",
                        "0.1.1"
                    ]
                ]
            }
        ],
        "timestamp": "2026-09-24T09:55:14.704485778",
        "meta": {
            "nf-test": "0.9.5",
            "nextflow": "26.04.6"
        }
    }
}