{
    "repetitive sequences - stub": {
        "content": [
            {
                "0": [
                    [
                        {
                            "id": "test"
                        },
                        "sample.dat:md5,d41d8cd98f00b204e9800998ecf8427e"
                    ]
                ],
                "1": [
                    [
                        "TRF",
                        "trf",
                        ""
                    ]
                ],
                "dat": [
                    [
                        {
                            "id": "test"
                        },
                        "sample.dat:md5,d41d8cd98f00b204e9800998ecf8427e"
                    ]
                ],
                "versions_trf": [
                    [
                        "TRF",
                        "trf",
                        ""
                    ]
                ]
            }
        ],
        "timestamp": "2026-09-24T09:55:36.105986633",
        "meta": {
            "nf-test": "0.9.5",
            "nextflow": "26.04.6"
        }
    },
    "repetitive sequences": {
        "content": [
            [
                [
                    {
                        "id": "test"
                    },
                    "sample.dat:md5,c4f7d378ee10b7bd6f4a048f9a440e3f"
                ]
            ],
            {
                "versions_trf": [
                    [
                        "TRF",
                        "trf",
                        ""
                    ]
                ]
            }
        ],
        "timestamp": "2026-09-24T09:55:30.985220561",
        "meta": {
            "nf-test": "0.9.5",
            "nextflow": "26.04.6"
        }
    }
}